(program 1.0.0
  [
    [
      {
        (abs
          bad_name_78
          (fun (type) (fun (type) (type)))
          (lam
            bad_name_79
            (all a_80 (type) (all b_81 (type) (fun a_80 (fun b_81 [[bad_name_78 a_80] b_81]))))
            (lam
              p_match_82
              (all a_83 (type) (all b_84 (type) (fun [[bad_name_78 a_83] b_84] (all out_bad_name_85 (type) (fun (fun a_83 (fun b_84 out_bad_name_85)) out_bad_name_85)))))
              [
                [
                  {
                    { bad_name_79 [(con integer) (con 64)] }
                    [(con integer) (con 64)]
                  }
                  (con 64 ! 1)
                ]
                (con 64 ! 2)
              ]
            )
          )
        )
        (lam a_86 (type) (lam b_87 (type) (all out_bad_name_88 (type) (fun (fun a_86 (fun b_87 out_bad_name_88)) out_bad_name_88))))
      }
      (abs
        a_89
        (type)
        (abs
          b_90
          (type)
          (lam
            arg_0_91
            a_89
            (lam
              arg_1_92
              b_90
              (abs
                out_bad_name_93
                (type)
                (lam
                  case_bad_name_94
                  (fun a_89 (fun b_90 out_bad_name_93))
                  [ [ case_bad_name_94 arg_0_91 ] arg_1_92 ]
                )
              )
            )
          )
        )
      )
    ]
    (abs
      a_95
      (type)
      (abs
        b_96
        (type)
        (lam
          x_97
          [[(lam a_98 (type) (lam b_99 (type) (all out_bad_name_100 (type) (fun (fun a_98 (fun b_99 out_bad_name_100)) out_bad_name_100)))) a_95] b_96]
          x_97
        )
      )
    )
  ]
)