(program 1.0.0
  [
    [
      {
        (abs
          bad_name_113
          (fun (type) (fun (type) (type)))
          (lam
            bad_name_114
            (all a_115 (type) (all b_116 (type) (fun a_115 (fun b_116 [[bad_name_113 a_115] b_116]))))
            (lam
              p_match_117
              (all a_118 (type) (all b_119 (type) (fun [[bad_name_113 a_118] b_119] (all out_bad_name_120 (type) (fun (fun a_118 (fun b_119 out_bad_name_120)) out_bad_name_120)))))
              [
                [
                  [
                    {
                      (abs
                        B_121
                        (fun (type) (type))
                        (lam
                          One_122
                          (all a_123 (type) (fun a_123 [B_121 a_123]))
                          (lam
                            Two_124
                            (all a_125 (type) (fun [B_121 [[bad_name_113 a_125] a_125]] [B_121 a_125]))
                            (lam
                              B_match_126
                              (all a_127 (type) (fun [B_121 a_127] (all out_B_128 (type) (fun (fun a_127 out_B_128) (fun (fun [B_121 [[bad_name_113 a_127] a_127]] out_B_128) out_B_128)))))
                              (lam
                                ds_129
                                [B_121 [(con integer) (con 64)]]
                                [
                                  [
                                    {
                                      [
                                        { B_match_126 [(con integer) (con 64)] }
                                        ds_129
                                      ]
                                      [(con integer) (con 64)]
                                    }
                                    (lam a_130 [(con integer) (con 64)] a_130)
                                  ]
                                  (lam
                                    ds_131
                                    [B_121 [[bad_name_113 [(con integer) (con 64)]] [(con integer) (con 64)]]]
                                    (con 64 ! 2)
                                  )
                                ]
                              )
                            )
                          )
                        )
                      )
                      [[(lam withSpine_132 (fun (fun (fun (fun (type) (type)) (type)) (type)) (fun (type) (type))) (lam pat_133 (fun (fun (type) (type)) (fun (type) (type))) [withSpine_132 (lam spine_134 (fun (fun (type) (type)) (type)) (fix [[(lam withSpine_135 (fun (fun (fun (fun (type) (type)) (type)) (type)) (fun (type) (type))) (lam pat_136 (fun (fun (type) (type)) (fun (type) (type))) (lam b_137 (fun (fun (fun (type) (type)) (type)) (type)) (lam p_138 (fun (fun (type) (type)) (type)) [p_138 [pat_136 [withSpine_135 b_137]]])))) withSpine_132] pat_133] spine_134))])) (lam k_139 (fun (fun (fun (type) (type)) (type)) (type)) (lam a_140 (type) [k_139 (lam r_141 (fun (type) (type)) [r_141 a_140])]))] (lam B_142 (fun (type) (type)) (lam a_143 (type) (all out_B_144 (type) (fun (fun a_143 out_B_144) (fun (fun [B_142 [[bad_name_113 a_143] a_143]] out_B_144) out_B_144)))))]
                    }
                    (abs
                      a_145
                      (type)
                      (lam
                        arg_0_146
                        a_145
                        (iwrap
                          [[(lam withSpine_147 (fun (fun (fun (fun (type) (type)) (type)) (type)) (fun (type) (type))) (lam pat_148 (fun (fun (type) (type)) (fun (type) (type))) (lam b_149 (fun (fun (fun (type) (type)) (type)) (type)) (lam p_150 (fun (fun (type) (type)) (type)) [p_150 [pat_148 [withSpine_147 b_149]]])))) (lam k_151 (fun (fun (fun (type) (type)) (type)) (type)) (lam a_152 (type) [k_151 (lam r_153 (fun (type) (type)) [r_153 a_152])]))] (lam B_154 (fun (type) (type)) (lam a_155 (type) (all out_B_156 (type) (fun (fun a_155 out_B_156) (fun (fun [B_154 [[bad_name_113 a_155] a_155]] out_B_156) out_B_156)))))]
                          (lam r_157 (fun (type) (type)) [r_157 a_145])
                          (abs
                            out_B_158
                            (type)
                            (lam
                              case_One_159
                              (fun a_145 out_B_158)
                              (lam
                                case_Two_160
                                (fun [[[(lam withSpine_161 (fun (fun (fun (fun (type) (type)) (type)) (type)) (fun (type) (type))) (lam pat_162 (fun (fun (type) (type)) (fun (type) (type))) [withSpine_161 (lam spine_163 (fun (fun (type) (type)) (type)) (fix [[(lam withSpine_164 (fun (fun (fun (fun (type) (type)) (type)) (type)) (fun (type) (type))) (lam pat_165 (fun (fun (type) (type)) (fun (type) (type))) (lam b_166 (fun (fun (fun (type) (type)) (type)) (type)) (lam p_167 (fun (fun (type) (type)) (type)) [p_167 [pat_165 [withSpine_164 b_166]]])))) withSpine_161] pat_162] spine_163))])) (lam k_168 (fun (fun (fun (type) (type)) (type)) (type)) (lam a_169 (type) [k_168 (lam r_170 (fun (type) (type)) [r_170 a_169])]))] (lam B_171 (fun (type) (type)) (lam a_172 (type) (all out_B_173 (type) (fun (fun a_172 out_B_173) (fun (fun [B_171 [[bad_name_113 a_172] a_172]] out_B_173) out_B_173)))))] [[bad_name_113 a_145] a_145]] out_B_158)
                                [ case_One_159 arg_0_146 ]
                              )
                            )
                          )
                        )
                      )
                    )
                  ]
                  (abs
                    a_174
                    (type)
                    (lam
                      arg_0_175
                      [[[(lam withSpine_176 (fun (fun (fun (fun (type) (type)) (type)) (type)) (fun (type) (type))) (lam pat_177 (fun (fun (type) (type)) (fun (type) (type))) [withSpine_176 (lam spine_178 (fun (fun (type) (type)) (type)) (fix [[(lam withSpine_179 (fun (fun (fun (fun (type) (type)) (type)) (type)) (fun (type) (type))) (lam pat_180 (fun (fun (type) (type)) (fun (type) (type))) (lam b_181 (fun (fun (fun (type) (type)) (type)) (type)) (lam p_182 (fun (fun (type) (type)) (type)) [p_182 [pat_180 [withSpine_179 b_181]]])))) withSpine_176] pat_177] spine_178))])) (lam k_183 (fun (fun (fun (type) (type)) (type)) (type)) (lam a_184 (type) [k_183 (lam r_185 (fun (type) (type)) [r_185 a_184])]))] (lam B_186 (fun (type) (type)) (lam a_187 (type) (all out_B_188 (type) (fun (fun a_187 out_B_188) (fun (fun [B_186 [[bad_name_113 a_187] a_187]] out_B_188) out_B_188)))))] [[bad_name_113 a_174] a_174]]
                      (iwrap
                        [[(lam withSpine_189 (fun (fun (fun (fun (type) (type)) (type)) (type)) (fun (type) (type))) (lam pat_190 (fun (fun (type) (type)) (fun (type) (type))) (lam b_191 (fun (fun (fun (type) (type)) (type)) (type)) (lam p_192 (fun (fun (type) (type)) (type)) [p_192 [pat_190 [withSpine_189 b_191]]])))) (lam k_193 (fun (fun (fun (type) (type)) (type)) (type)) (lam a_194 (type) [k_193 (lam r_195 (fun (type) (type)) [r_195 a_194])]))] (lam B_196 (fun (type) (type)) (lam a_197 (type) (all out_B_198 (type) (fun (fun a_197 out_B_198) (fun (fun [B_196 [[bad_name_113 a_197] a_197]] out_B_198) out_B_198)))))]
                        (lam r_199 (fun (type) (type)) [r_199 a_174])
                        (abs
                          out_B_200
                          (type)
                          (lam
                            case_One_201
                            (fun a_174 out_B_200)
                            (lam
                              case_Two_202
                              (fun [[[(lam withSpine_203 (fun (fun (fun (fun (type) (type)) (type)) (type)) (fun (type) (type))) (lam pat_204 (fun (fun (type) (type)) (fun (type) (type))) [withSpine_203 (lam spine_205 (fun (fun (type) (type)) (type)) (fix [[(lam withSpine_206 (fun (fun (fun (fun (type) (type)) (type)) (type)) (fun (type) (type))) (lam pat_207 (fun (fun (type) (type)) (fun (type) (type))) (lam b_208 (fun (fun (fun (type) (type)) (type)) (type)) (lam p_209 (fun (fun (type) (type)) (type)) [p_209 [pat_207 [withSpine_206 b_208]]])))) withSpine_203] pat_204] spine_205))])) (lam k_210 (fun (fun (fun (type) (type)) (type)) (type)) (lam a_211 (type) [k_210 (lam r_212 (fun (type) (type)) [r_212 a_211])]))] (lam B_213 (fun (type) (type)) (lam a_214 (type) (all out_B_215 (type) (fun (fun a_214 out_B_215) (fun (fun [B_213 [[bad_name_113 a_214] a_214]] out_B_215) out_B_215)))))] [[bad_name_113 a_174] a_174]] out_B_200)
                              [ case_Two_202 arg_0_175 ]
                            )
                          )
                        )
                      )
                    )
                  )
                ]
                (abs
                  a_216
                  (type)
                  (lam
                    x_217
                    [[[(lam withSpine_218 (fun (fun (fun (fun (type) (type)) (type)) (type)) (fun (type) (type))) (lam pat_219 (fun (fun (type) (type)) (fun (type) (type))) [withSpine_218 (lam spine_220 (fun (fun (type) (type)) (type)) (fix [[(lam withSpine_221 (fun (fun (fun (fun (type) (type)) (type)) (type)) (fun (type) (type))) (lam pat_222 (fun (fun (type) (type)) (fun (type) (type))) (lam b_223 (fun (fun (fun (type) (type)) (type)) (type)) (lam p_224 (fun (fun (type) (type)) (type)) [p_224 [pat_222 [withSpine_221 b_223]]])))) withSpine_218] pat_219] spine_220))])) (lam k_225 (fun (fun (fun (type) (type)) (type)) (type)) (lam a_226 (type) [k_225 (lam r_227 (fun (type) (type)) [r_227 a_226])]))] (lam B_228 (fun (type) (type)) (lam a_229 (type) (all out_B_230 (type) (fun (fun a_229 out_B_230) (fun (fun [B_228 [[bad_name_113 a_229] a_229]] out_B_230) out_B_230)))))] a_216]
                    (unwrap x_217)
                  )
                )
              ]
            )
          )
        )
        (lam a_231 (type) (lam b_232 (type) (all out_bad_name_233 (type) (fun (fun a_231 (fun b_232 out_bad_name_233)) out_bad_name_233))))
      }
      (abs
        a_234
        (type)
        (abs
          b_235
          (type)
          (lam
            arg_0_236
            a_234
            (lam
              arg_1_237
              b_235
              (abs
                out_bad_name_238
                (type)
                (lam
                  case_bad_name_239
                  (fun a_234 (fun b_235 out_bad_name_238))
                  [ [ case_bad_name_239 arg_0_236 ] arg_1_237 ]
                )
              )
            )
          )
        )
      )
    ]
    (abs
      a_240
      (type)
      (abs
        b_241
        (type)
        (lam
          x_242
          [[(lam a_243 (type) (lam b_244 (type) (all out_bad_name_245 (type) (fun (fun a_243 (fun b_244 out_bad_name_245)) out_bad_name_245)))) a_240] b_241]
          x_242
        )
      )
    )
  ]
)