(program 1.0.0
  [
    (lam
      concatenate_95
      (fun [(con bytestring) (con 256)] (fun [(con bytestring) (con 256)] [(con bytestring) (con 256)]))
      [
        (lam
          txhash_96
          [(con bytestring) (con 256)]
          [
            (lam
              sha3_256_97
              (fun [(con bytestring) (con 256)] [(con bytestring) (con 256)])
              [
                (lam
                  sha2_256_98
                  (fun [(con bytestring) (con 256)] [(con bytestring) (con 256)])
                  [
                    [
                      {
                        (abs
                          unit_99
                          (type)
                          (lam
                            unit_100
                            unit_99
                            (lam
                              p_match_101
                              (fun unit_99 (all p_matchOut_102 (type) (fun p_matchOut_102 p_matchOut_102)))
                              [
                                (lam
                                  error_103
                                  (all a_104 (type) (fun unit_99 a_104))
                                  [
                                    (lam
                                      takeByteString_105
                                      (fun [(con integer) (con 64)] (fun [(con bytestring) (con 256)] [(con bytestring) (con 256)]))
                                      [
                                        (lam
                                          subtractInteger_106
                                          (fun [(con integer) (con 64)] (fun [(con integer) (con 64)] [(con integer) (con 64)]))
                                          [
                                            (lam
                                              remainderInteger_107
                                              (fun [(con integer) (con 64)] (fun [(con integer) (con 64)] [(con integer) (con 64)]))
                                              [
                                                (lam
                                                  multiplyInteger_108
                                                  (fun [(con integer) (con 64)] (fun [(con integer) (con 64)] [(con integer) (con 64)]))
                                                  [
                                                    (lam
                                                      dropByteString_109
                                                      (fun [(con integer) (con 64)] (fun [(con bytestring) (con 256)] [(con bytestring) (con 256)]))
                                                      [
                                                        (lam
                                                          divideInteger_110
                                                          (fun [(con integer) (con 64)] (fun [(con integer) (con 64)] [(con integer) (con 64)]))
                                                          [
                                                            (lam
                                                              addInteger_111
                                                              (fun [(con integer) (con 64)] (fun [(con integer) (con 64)] [(con integer) (con 64)]))
                                                              [
                                                                [
                                                                  {
                                                                    (abs
                                                                      MyMonoRecord_112
                                                                      (type)
                                                                      (lam
                                                                        MyMonoRecord_113
                                                                        (fun [(con integer) (con 64)] (fun [(con integer) (con 64)] MyMonoRecord_112))
                                                                        (lam
                                                                          MyMonoRecord_match_114
                                                                          (fun MyMonoRecord_112 (all MyMonoRecord_matchOut_115 (type) (fun (fun [(con integer) (con 64)] (fun [(con integer) (con 64)] MyMonoRecord_matchOut_115)) MyMonoRecord_matchOut_115)))
                                                                          [
                                                                            [
                                                                              [
                                                                                {
                                                                                  (abs
                                                                                    Bool_116
                                                                                    (type)
                                                                                    (lam
                                                                                      True_117
                                                                                      Bool_116
                                                                                      (lam
                                                                                        False_118
                                                                                        Bool_116
                                                                                        (lam
                                                                                          Bool_match_119
                                                                                          (fun Bool_116 (all Bool_matchOut_120 (type) (fun Bool_matchOut_120 (fun Bool_matchOut_120 Bool_matchOut_120))))
                                                                                          [
                                                                                            (lam
                                                                                              verifySignature_121
                                                                                              (fun [(con bytestring) (con 256)] (fun [(con bytestring) (con 256)] (fun [(con bytestring) (con 256)] Bool_116)))
                                                                                              [
                                                                                                (lam
                                                                                                  lessThanInteger_122
                                                                                                  (fun [(con integer) (con 64)] (fun [(con integer) (con 64)] Bool_116))
                                                                                                  [
                                                                                                    (lam
                                                                                                      lessThanEqInteger_123
                                                                                                      (fun [(con integer) (con 64)] (fun [(con integer) (con 64)] Bool_116))
                                                                                                      [
                                                                                                        (lam
                                                                                                          greaterThanInteger_124
                                                                                                          (fun [(con integer) (con 64)] (fun [(con integer) (con 64)] Bool_116))
                                                                                                          [
                                                                                                            (lam
                                                                                                              greaterThanEqInteger_125
                                                                                                              (fun [(con integer) (con 64)] (fun [(con integer) (con 64)] Bool_116))
                                                                                                              [
                                                                                                                (lam
                                                                                                                  equalsInteger_126
                                                                                                                  (fun [(con integer) (con 64)] (fun [(con integer) (con 64)] Bool_116))
                                                                                                                  [
                                                                                                                    (lam
                                                                                                                      equalsByteString_127
                                                                                                                      (fun [(con bytestring) (con 256)] (fun [(con bytestring) (con 256)] Bool_116))
                                                                                                                      (lam
                                                                                                                        ds_128
                                                                                                                        MyMonoRecord_112
                                                                                                                        ds_128
                                                                                                                      )
                                                                                                                    )
                                                                                                                    (lam
                                                                                                                      arg_129
                                                                                                                      [(con bytestring) (con 256)]
                                                                                                                      (lam
                                                                                                                        arg_130
                                                                                                                        [(con bytestring) (con 256)]
                                                                                                                        [
                                                                                                                          (lam
                                                                                                                            b_131
                                                                                                                            (all a_132 (type) (fun a_132 (fun a_132 a_132)))
                                                                                                                            [
                                                                                                                              [
                                                                                                                                {
                                                                                                                                  b_131
                                                                                                                                  Bool_116
                                                                                                                                }
                                                                                                                                True_117
                                                                                                                              ]
                                                                                                                              False_118
                                                                                                                            ]
                                                                                                                          )
                                                                                                                          [
                                                                                                                            [
                                                                                                                              {
                                                                                                                                (con
                                                                                                                                  equalsByteString
                                                                                                                                )
                                                                                                                                (con 256)
                                                                                                                              }
                                                                                                                              arg_129
                                                                                                                            ]
                                                                                                                            arg_130
                                                                                                                          ]
                                                                                                                        ]
                                                                                                                      )
                                                                                                                    )
                                                                                                                  ]
                                                                                                                )
                                                                                                                (lam
                                                                                                                  arg_133
                                                                                                                  [(con integer) (con 64)]
                                                                                                                  (lam
                                                                                                                    arg_134
                                                                                                                    [(con integer) (con 64)]
                                                                                                                    [
                                                                                                                      (lam
                                                                                                                        b_135
                                                                                                                        (all a_136 (type) (fun a_136 (fun a_136 a_136)))
                                                                                                                        [
                                                                                                                          [
                                                                                                                            {
                                                                                                                              b_135
                                                                                                                              Bool_116
                                                                                                                            }
                                                                                                                            True_117
                                                                                                                          ]
                                                                                                                          False_118
                                                                                                                        ]
                                                                                                                      )
                                                                                                                      [
                                                                                                                        [
                                                                                                                          {
                                                                                                                            (con
                                                                                                                              equalsInteger
                                                                                                                            )
                                                                                                                            (con 64)
                                                                                                                          }
                                                                                                                          arg_133
                                                                                                                        ]
                                                                                                                        arg_134
                                                                                                                      ]
                                                                                                                    ]
                                                                                                                  )
                                                                                                                )
                                                                                                              ]
                                                                                                            )
                                                                                                            (lam
                                                                                                              arg_137
                                                                                                              [(con integer) (con 64)]
                                                                                                              (lam
                                                                                                                arg_138
                                                                                                                [(con integer) (con 64)]
                                                                                                                [
                                                                                                                  (lam
                                                                                                                    b_139
                                                                                                                    (all a_140 (type) (fun a_140 (fun a_140 a_140)))
                                                                                                                    [
                                                                                                                      [
                                                                                                                        {
                                                                                                                          b_139
                                                                                                                          Bool_116
                                                                                                                        }
                                                                                                                        True_117
                                                                                                                      ]
                                                                                                                      False_118
                                                                                                                    ]
                                                                                                                  )
                                                                                                                  [
                                                                                                                    [
                                                                                                                      {
                                                                                                                        (con
                                                                                                                          greaterThanEqualsInteger
                                                                                                                        )
                                                                                                                        (con 64)
                                                                                                                      }
                                                                                                                      arg_137
                                                                                                                    ]
                                                                                                                    arg_138
                                                                                                                  ]
                                                                                                                ]
                                                                                                              )
                                                                                                            )
                                                                                                          ]
                                                                                                        )
                                                                                                        (lam
                                                                                                          arg_141
                                                                                                          [(con integer) (con 64)]
                                                                                                          (lam
                                                                                                            arg_142
                                                                                                            [(con integer) (con 64)]
                                                                                                            [
                                                                                                              (lam
                                                                                                                b_143
                                                                                                                (all a_144 (type) (fun a_144 (fun a_144 a_144)))
                                                                                                                [
                                                                                                                  [
                                                                                                                    {
                                                                                                                      b_143
                                                                                                                      Bool_116
                                                                                                                    }
                                                                                                                    True_117
                                                                                                                  ]
                                                                                                                  False_118
                                                                                                                ]
                                                                                                              )
                                                                                                              [
                                                                                                                [
                                                                                                                  {
                                                                                                                    (con
                                                                                                                      greaterThanInteger
                                                                                                                    )
                                                                                                                    (con 64)
                                                                                                                  }
                                                                                                                  arg_141
                                                                                                                ]
                                                                                                                arg_142
                                                                                                              ]
                                                                                                            ]
                                                                                                          )
                                                                                                        )
                                                                                                      ]
                                                                                                    )
                                                                                                    (lam
                                                                                                      arg_145
                                                                                                      [(con integer) (con 64)]
                                                                                                      (lam
                                                                                                        arg_146
                                                                                                        [(con integer) (con 64)]
                                                                                                        [
                                                                                                          (lam
                                                                                                            b_147
                                                                                                            (all a_148 (type) (fun a_148 (fun a_148 a_148)))
                                                                                                            [
                                                                                                              [
                                                                                                                {
                                                                                                                  b_147
                                                                                                                  Bool_116
                                                                                                                }
                                                                                                                True_117
                                                                                                              ]
                                                                                                              False_118
                                                                                                            ]
                                                                                                          )
                                                                                                          [
                                                                                                            [
                                                                                                              {
                                                                                                                (con
                                                                                                                  lessThanEqualsInteger
                                                                                                                )
                                                                                                                (con 64)
                                                                                                              }
                                                                                                              arg_145
                                                                                                            ]
                                                                                                            arg_146
                                                                                                          ]
                                                                                                        ]
                                                                                                      )
                                                                                                    )
                                                                                                  ]
                                                                                                )
                                                                                                (lam
                                                                                                  arg_149
                                                                                                  [(con integer) (con 64)]
                                                                                                  (lam
                                                                                                    arg_150
                                                                                                    [(con integer) (con 64)]
                                                                                                    [
                                                                                                      (lam
                                                                                                        b_151
                                                                                                        (all a_152 (type) (fun a_152 (fun a_152 a_152)))
                                                                                                        [
                                                                                                          [
                                                                                                            {
                                                                                                              b_151
                                                                                                              Bool_116
                                                                                                            }
                                                                                                            True_117
                                                                                                          ]
                                                                                                          False_118
                                                                                                        ]
                                                                                                      )
                                                                                                      [
                                                                                                        [
                                                                                                          {
                                                                                                            (con
                                                                                                              lessThanInteger
                                                                                                            )
                                                                                                            (con 64)
                                                                                                          }
                                                                                                          arg_149
                                                                                                        ]
                                                                                                        arg_150
                                                                                                      ]
                                                                                                    ]
                                                                                                  )
                                                                                                )
                                                                                              ]
                                                                                            )
                                                                                            (lam
                                                                                              arg_153
                                                                                              [(con bytestring) (con 256)]
                                                                                              (lam
                                                                                                arg_154
                                                                                                [(con bytestring) (con 256)]
                                                                                                (lam
                                                                                                  arg_155
                                                                                                  [(con bytestring) (con 256)]
                                                                                                  [
                                                                                                    (lam
                                                                                                      b_156
                                                                                                      (all a_157 (type) (fun a_157 (fun a_157 a_157)))
                                                                                                      [
                                                                                                        [
                                                                                                          {
                                                                                                            b_156
                                                                                                            Bool_116
                                                                                                          }
                                                                                                          True_117
                                                                                                        ]
                                                                                                        False_118
                                                                                                      ]
                                                                                                    )
                                                                                                    [
                                                                                                      [
                                                                                                        [
                                                                                                          {
                                                                                                            {
                                                                                                              {
                                                                                                                (con
                                                                                                                  verifySignature
                                                                                                                )
                                                                                                                (con 256)
                                                                                                              }
                                                                                                              (con 256)
                                                                                                            }
                                                                                                            (con 256)
                                                                                                          }
                                                                                                          arg_153
                                                                                                        ]
                                                                                                        arg_154
                                                                                                      ]
                                                                                                      arg_155
                                                                                                    ]
                                                                                                  ]
                                                                                                )
                                                                                              )
                                                                                            )
                                                                                          ]
                                                                                        )
                                                                                      )
                                                                                    )
                                                                                  )
                                                                                  (all Bool_matchOut_158 (type) (fun Bool_matchOut_158 (fun Bool_matchOut_158 Bool_matchOut_158)))
                                                                                }
                                                                                (abs
                                                                                  Bool_matchOut_159
                                                                                  (type)
                                                                                  (lam
                                                                                    True_160
                                                                                    Bool_matchOut_159
                                                                                    (lam
                                                                                      False_161
                                                                                      Bool_matchOut_159
                                                                                      True_160
                                                                                    )
                                                                                  )
                                                                                )
                                                                              ]
                                                                              (abs
                                                                                Bool_matchOut_162
                                                                                (type)
                                                                                (lam
                                                                                  True_163
                                                                                  Bool_matchOut_162
                                                                                  (lam
                                                                                    False_164
                                                                                    Bool_matchOut_162
                                                                                    False_164
                                                                                  )
                                                                                )
                                                                              )
                                                                            ]
                                                                            (lam
                                                                              x_165
                                                                              (all Bool_matchOut_166 (type) (fun Bool_matchOut_166 (fun Bool_matchOut_166 Bool_matchOut_166)))
                                                                              x_165
                                                                            )
                                                                          ]
                                                                        )
                                                                      )
                                                                    )
                                                                    (all MyMonoRecord_matchOut_167 (type) (fun (fun [(con integer) (con 64)] (fun [(con integer) (con 64)] MyMonoRecord_matchOut_167)) MyMonoRecord_matchOut_167))
                                                                  }
                                                                  (lam
                                                                    MyMonoRecord_arg0_168
                                                                    [(con integer) (con 64)]
                                                                    (lam
                                                                      MyMonoRecord_arg1_169
                                                                      [(con integer) (con 64)]
                                                                      (abs
                                                                        MyMonoRecord_matchOut_170
                                                                        (type)
                                                                        (lam
                                                                          MyMonoRecord_171
                                                                          (fun [(con integer) (con 64)] (fun [(con integer) (con 64)] MyMonoRecord_matchOut_170))
                                                                          [
                                                                            [
                                                                              MyMonoRecord_171
                                                                              MyMonoRecord_arg0_168
                                                                            ]
                                                                            MyMonoRecord_arg1_169
                                                                          ]
                                                                        )
                                                                      )
                                                                    )
                                                                  )
                                                                ]
                                                                (lam
                                                                  x_172
                                                                  (all MyMonoRecord_matchOut_173 (type) (fun (fun [(con integer) (con 64)] (fun [(con integer) (con 64)] MyMonoRecord_matchOut_173)) MyMonoRecord_matchOut_173))
                                                                  x_172
                                                                )
                                                              ]
                                                            )
                                                            {
                                                              (con addInteger)
                                                              (con 64)
                                                            }
                                                          ]
                                                        )
                                                        {
                                                          (con divideInteger)
                                                          (con 64)
                                                        }
                                                      ]
                                                    )
                                                    {
                                                      {
                                                        (con dropByteString)
                                                        (con 64)
                                                      }
                                                      (con 256)
                                                    }
                                                  ]
                                                )
                                                {
                                                  (con multiplyInteger) (con 64)
                                                }
                                              ]
                                            )
                                            { (con remainderInteger) (con 64) }
                                          ]
                                        )
                                        { (con subtractInteger) (con 64) }
                                      ]
                                    )
                                    {
                                      { (con takeByteString) (con 64) }
                                      (con 256)
                                    }
                                  ]
                                )
                                (abs
                                  e_174
                                  (type)
                                  (lam thunk_175 unit_99 (error e_174))
                                )
                              ]
                            )
                          )
                        )
                        (all p_matchOut_176 (type) (fun p_matchOut_176 p_matchOut_176))
                      }
                      (abs
                        p_matchOut_177
                        (type)
                        (lam unit_178 p_matchOut_177 unit_178)
                      )
                    ]
                    (lam
                      x_179
                      (all p_matchOut_180 (type) (fun p_matchOut_180 p_matchOut_180))
                      x_179
                    )
                  ]
                )
                { (con sha2_256) (con 256) }
              ]
            )
            { (con sha3_256) (con 256) }
          ]
        )
        (con txhash)
      ]
    )
    { (con concatenate) (con 256) }
  ]
)