(program 1.0.0
  [
    [
      [
        {
          (abs
            MyPolyData_89
            (fun (type) (fun (type) (type)))
            (lam
              Poly1_90
              (all a_91 (type) (all b_92 (type) (fun a_91 (fun b_92 [[MyPolyData_89 a_91] b_92]))))
              (lam
                Poly2_93
                (all a_94 (type) (all b_95 (type) (fun a_94 [[MyPolyData_89 a_94] b_95])))
                (lam
                  MyPolyData_match_96
                  (all a_97 (type) (all b_98 (type) (fun [[MyPolyData_89 a_97] b_98] (all out_MyPolyData_99 (type) (fun (fun a_97 (fun b_98 out_MyPolyData_99)) (fun (fun a_97 out_MyPolyData_99) out_MyPolyData_99))))))
                  (lam
                    ds_100
                    [[MyPolyData_89 [(con integer) (con 64)]] [(con integer) (con 64)]]
                    [
                      [
                        {
                          [
                            {
                              { MyPolyData_match_96 [(con integer) (con 64)] }
                              [(con integer) (con 64)]
                            }
                            ds_100
                          ]
                          [(con integer) (con 64)]
                        }
                        (lam
                          a_101
                          [(con integer) (con 64)]
                          (lam ds_102 [(con integer) (con 64)] a_101)
                        )
                      ]
                      (lam
                        default_arg0_103 [(con integer) (con 64)] (con 64 ! 2)
                      )
                    ]
                  )
                )
              )
            )
          )
          (lam a_104 (type) (lam b_105 (type) (all out_MyPolyData_106 (type) (fun (fun a_104 (fun b_105 out_MyPolyData_106)) (fun (fun a_104 out_MyPolyData_106) out_MyPolyData_106)))))
        }
        (abs
          a_107
          (type)
          (abs
            b_108
            (type)
            (lam
              arg_0_109
              a_107
              (lam
                arg_1_110
                b_108
                (abs
                  out_MyPolyData_111
                  (type)
                  (lam
                    case_Poly1_112
                    (fun a_107 (fun b_108 out_MyPolyData_111))
                    (lam
                      case_Poly2_113
                      (fun a_107 out_MyPolyData_111)
                      [ [ case_Poly1_112 arg_0_109 ] arg_1_110 ]
                    )
                  )
                )
              )
            )
          )
        )
      ]
      (abs
        a_114
        (type)
        (abs
          b_115
          (type)
          (lam
            arg_0_116
            a_114
            (abs
              out_MyPolyData_117
              (type)
              (lam
                case_Poly1_118
                (fun a_114 (fun b_115 out_MyPolyData_117))
                (lam
                  case_Poly2_119
                  (fun a_114 out_MyPolyData_117)
                  [ case_Poly2_119 arg_0_116 ]
                )
              )
            )
          )
        )
      )
    ]
    (abs
      a_120
      (type)
      (abs
        b_121
        (type)
        (lam
          x_122
          [[(lam a_123 (type) (lam b_124 (type) (all out_MyPolyData_125 (type) (fun (fun a_123 (fun b_124 out_MyPolyData_125)) (fun (fun a_123 out_MyPolyData_125) out_MyPolyData_125))))) a_120] b_121]
          x_122
        )
      )
    )
  ]
)