(program 1.0.0
  [
    (lam
      concatenate_0
      (fun [(con bytestring) (con 256)] (fun [(con bytestring) (con 256)] [(con bytestring) (con 256)]))
      [
        (lam
          txhash_1
          [(con bytestring) (con 256)]
          [
            (lam
              sha3_256_2
              (fun [(con bytestring) (con 256)] [(con bytestring) (con 256)])
              [
                (lam
                  sha2_256_3
                  (fun [(con bytestring) (con 256)] [(con bytestring) (con 256)])
                  [
                    [
                      {
                        (abs
                          unit_4
                          (type)
                          (lam
                            unit_5
                            unit_4
                            (lam
                              p_match_6
                              (fun unit_4 (all p_matchOut_7 (type) (fun p_matchOut_7 p_matchOut_7)))
                              [
                                (lam
                                  error_8
                                  (all a_9 (type) (fun unit_4 a_9))
                                  [
                                    (lam
                                      takeByteString_10
                                      (fun [(con integer) (con 64)] (fun [(con bytestring) (con 256)] [(con bytestring) (con 256)]))
                                      [
                                        (lam
                                          subtractInteger_11
                                          (fun [(con integer) (con 64)] (fun [(con integer) (con 64)] [(con integer) (con 64)]))
                                          [
                                            (lam
                                              remainderInteger_12
                                              (fun [(con integer) (con 64)] (fun [(con integer) (con 64)] [(con integer) (con 64)]))
                                              [
                                                (lam
                                                  multiplyInteger_13
                                                  (fun [(con integer) (con 64)] (fun [(con integer) (con 64)] [(con integer) (con 64)]))
                                                  [
                                                    (lam
                                                      dropByteString_14
                                                      (fun [(con integer) (con 64)] (fun [(con bytestring) (con 256)] [(con bytestring) (con 256)]))
                                                      [
                                                        (lam
                                                          divideInteger_15
                                                          (fun [(con integer) (con 64)] (fun [(con integer) (con 64)] [(con integer) (con 64)]))
                                                          [
                                                            (lam
                                                              addInteger_16
                                                              (fun [(con integer) (con 64)] (fun [(con integer) (con 64)] [(con integer) (con 64)]))
                                                              [
                                                                [
                                                                  [
                                                                    {
                                                                      (abs
                                                                        Bool_17
                                                                        (type)
                                                                        (lam
                                                                          True_18
                                                                          Bool_17
                                                                          (lam
                                                                            False_19
                                                                            Bool_17
                                                                            (lam
                                                                              Bool_match_20
                                                                              (fun Bool_17 (all Bool_matchOut_21 (type) (fun Bool_matchOut_21 (fun Bool_matchOut_21 Bool_matchOut_21))))
                                                                              [
                                                                                (lam
                                                                                  verifySignature_22
                                                                                  (fun [(con bytestring) (con 256)] (fun [(con bytestring) (con 256)] (fun [(con bytestring) (con 256)] Bool_17)))
                                                                                  [
                                                                                    (lam
                                                                                      lessThanInteger_23
                                                                                      (fun [(con integer) (con 64)] (fun [(con integer) (con 64)] Bool_17))
                                                                                      [
                                                                                        (lam
                                                                                          lessThanEqInteger_24
                                                                                          (fun [(con integer) (con 64)] (fun [(con integer) (con 64)] Bool_17))
                                                                                          [
                                                                                            (lam
                                                                                              greaterThanInteger_25
                                                                                              (fun [(con integer) (con 64)] (fun [(con integer) (con 64)] Bool_17))
                                                                                              [
                                                                                                (lam
                                                                                                  greaterThanEqInteger_26
                                                                                                  (fun [(con integer) (con 64)] (fun [(con integer) (con 64)] Bool_17))
                                                                                                  [
                                                                                                    (lam
                                                                                                      equalsInteger_27
                                                                                                      (fun [(con integer) (con 64)] (fun [(con integer) (con 64)] Bool_17))
                                                                                                      [
                                                                                                        (lam
                                                                                                          equalsByteString_28
                                                                                                          (fun [(con bytestring) (con 256)] (fun [(con bytestring) (con 256)] Bool_17))
                                                                                                          (con
                                                                                                            64 ! 1
                                                                                                          )
                                                                                                        )
                                                                                                        (lam
                                                                                                          arg_29
                                                                                                          [(con bytestring) (con 256)]
                                                                                                          (lam
                                                                                                            arg_30
                                                                                                            [(con bytestring) (con 256)]
                                                                                                            [
                                                                                                              (lam
                                                                                                                b_31
                                                                                                                (all a_32 (type) (fun a_32 (fun a_32 a_32)))
                                                                                                                [
                                                                                                                  [
                                                                                                                    {
                                                                                                                      b_31
                                                                                                                      Bool_17
                                                                                                                    }
                                                                                                                    True_18
                                                                                                                  ]
                                                                                                                  False_19
                                                                                                                ]
                                                                                                              )
                                                                                                              [
                                                                                                                [
                                                                                                                  {
                                                                                                                    (con
                                                                                                                      equalsByteString
                                                                                                                    )
                                                                                                                    (con 256)
                                                                                                                  }
                                                                                                                  arg_29
                                                                                                                ]
                                                                                                                arg_30
                                                                                                              ]
                                                                                                            ]
                                                                                                          )
                                                                                                        )
                                                                                                      ]
                                                                                                    )
                                                                                                    (lam
                                                                                                      arg_33
                                                                                                      [(con integer) (con 64)]
                                                                                                      (lam
                                                                                                        arg_34
                                                                                                        [(con integer) (con 64)]
                                                                                                        [
                                                                                                          (lam
                                                                                                            b_35
                                                                                                            (all a_36 (type) (fun a_36 (fun a_36 a_36)))
                                                                                                            [
                                                                                                              [
                                                                                                                {
                                                                                                                  b_35
                                                                                                                  Bool_17
                                                                                                                }
                                                                                                                True_18
                                                                                                              ]
                                                                                                              False_19
                                                                                                            ]
                                                                                                          )
                                                                                                          [
                                                                                                            [
                                                                                                              {
                                                                                                                (con
                                                                                                                  equalsInteger
                                                                                                                )
                                                                                                                (con 64)
                                                                                                              }
                                                                                                              arg_33
                                                                                                            ]
                                                                                                            arg_34
                                                                                                          ]
                                                                                                        ]
                                                                                                      )
                                                                                                    )
                                                                                                  ]
                                                                                                )
                                                                                                (lam
                                                                                                  arg_37
                                                                                                  [(con integer) (con 64)]
                                                                                                  (lam
                                                                                                    arg_38
                                                                                                    [(con integer) (con 64)]
                                                                                                    [
                                                                                                      (lam
                                                                                                        b_39
                                                                                                        (all a_40 (type) (fun a_40 (fun a_40 a_40)))
                                                                                                        [
                                                                                                          [
                                                                                                            {
                                                                                                              b_39
                                                                                                              Bool_17
                                                                                                            }
                                                                                                            True_18
                                                                                                          ]
                                                                                                          False_19
                                                                                                        ]
                                                                                                      )
                                                                                                      [
                                                                                                        [
                                                                                                          {
                                                                                                            (con
                                                                                                              greaterThanEqualsInteger
                                                                                                            )
                                                                                                            (con 64)
                                                                                                          }
                                                                                                          arg_37
                                                                                                        ]
                                                                                                        arg_38
                                                                                                      ]
                                                                                                    ]
                                                                                                  )
                                                                                                )
                                                                                              ]
                                                                                            )
                                                                                            (lam
                                                                                              arg_41
                                                                                              [(con integer) (con 64)]
                                                                                              (lam
                                                                                                arg_42
                                                                                                [(con integer) (con 64)]
                                                                                                [
                                                                                                  (lam
                                                                                                    b_43
                                                                                                    (all a_44 (type) (fun a_44 (fun a_44 a_44)))
                                                                                                    [
                                                                                                      [
                                                                                                        {
                                                                                                          b_43
                                                                                                          Bool_17
                                                                                                        }
                                                                                                        True_18
                                                                                                      ]
                                                                                                      False_19
                                                                                                    ]
                                                                                                  )
                                                                                                  [
                                                                                                    [
                                                                                                      {
                                                                                                        (con
                                                                                                          greaterThanInteger
                                                                                                        )
                                                                                                        (con 64)
                                                                                                      }
                                                                                                      arg_41
                                                                                                    ]
                                                                                                    arg_42
                                                                                                  ]
                                                                                                ]
                                                                                              )
                                                                                            )
                                                                                          ]
                                                                                        )
                                                                                        (lam
                                                                                          arg_45
                                                                                          [(con integer) (con 64)]
                                                                                          (lam
                                                                                            arg_46
                                                                                            [(con integer) (con 64)]
                                                                                            [
                                                                                              (lam
                                                                                                b_47
                                                                                                (all a_48 (type) (fun a_48 (fun a_48 a_48)))
                                                                                                [
                                                                                                  [
                                                                                                    {
                                                                                                      b_47
                                                                                                      Bool_17
                                                                                                    }
                                                                                                    True_18
                                                                                                  ]
                                                                                                  False_19
                                                                                                ]
                                                                                              )
                                                                                              [
                                                                                                [
                                                                                                  {
                                                                                                    (con
                                                                                                      lessThanEqualsInteger
                                                                                                    )
                                                                                                    (con 64)
                                                                                                  }
                                                                                                  arg_45
                                                                                                ]
                                                                                                arg_46
                                                                                              ]
                                                                                            ]
                                                                                          )
                                                                                        )
                                                                                      ]
                                                                                    )
                                                                                    (lam
                                                                                      arg_49
                                                                                      [(con integer) (con 64)]
                                                                                      (lam
                                                                                        arg_50
                                                                                        [(con integer) (con 64)]
                                                                                        [
                                                                                          (lam
                                                                                            b_51
                                                                                            (all a_52 (type) (fun a_52 (fun a_52 a_52)))
                                                                                            [
                                                                                              [
                                                                                                {
                                                                                                  b_51
                                                                                                  Bool_17
                                                                                                }
                                                                                                True_18
                                                                                              ]
                                                                                              False_19
                                                                                            ]
                                                                                          )
                                                                                          [
                                                                                            [
                                                                                              {
                                                                                                (con
                                                                                                  lessThanInteger
                                                                                                )
                                                                                                (con 64)
                                                                                              }
                                                                                              arg_49
                                                                                            ]
                                                                                            arg_50
                                                                                          ]
                                                                                        ]
                                                                                      )
                                                                                    )
                                                                                  ]
                                                                                )
                                                                                (lam
                                                                                  arg_53
                                                                                  [(con bytestring) (con 256)]
                                                                                  (lam
                                                                                    arg_54
                                                                                    [(con bytestring) (con 256)]
                                                                                    (lam
                                                                                      arg_55
                                                                                      [(con bytestring) (con 256)]
                                                                                      [
                                                                                        (lam
                                                                                          b_56
                                                                                          (all a_57 (type) (fun a_57 (fun a_57 a_57)))
                                                                                          [
                                                                                            [
                                                                                              {
                                                                                                b_56
                                                                                                Bool_17
                                                                                              }
                                                                                              True_18
                                                                                            ]
                                                                                            False_19
                                                                                          ]
                                                                                        )
                                                                                        [
                                                                                          [
                                                                                            [
                                                                                              {
                                                                                                {
                                                                                                  {
                                                                                                    (con
                                                                                                      verifySignature
                                                                                                    )
                                                                                                    (con 256)
                                                                                                  }
                                                                                                  (con 256)
                                                                                                }
                                                                                                (con 256)
                                                                                              }
                                                                                              arg_53
                                                                                            ]
                                                                                            arg_54
                                                                                          ]
                                                                                          arg_55
                                                                                        ]
                                                                                      ]
                                                                                    )
                                                                                  )
                                                                                )
                                                                              ]
                                                                            )
                                                                          )
                                                                        )
                                                                      )
                                                                      (all Bool_matchOut_58 (type) (fun Bool_matchOut_58 (fun Bool_matchOut_58 Bool_matchOut_58)))
                                                                    }
                                                                    (abs
                                                                      Bool_matchOut_59
                                                                      (type)
                                                                      (lam
                                                                        True_60
                                                                        Bool_matchOut_59
                                                                        (lam
                                                                          False_61
                                                                          Bool_matchOut_59
                                                                          True_60
                                                                        )
                                                                      )
                                                                    )
                                                                  ]
                                                                  (abs
                                                                    Bool_matchOut_62
                                                                    (type)
                                                                    (lam
                                                                      True_63
                                                                      Bool_matchOut_62
                                                                      (lam
                                                                        False_64
                                                                        Bool_matchOut_62
                                                                        False_64
                                                                      )
                                                                    )
                                                                  )
                                                                ]
                                                                (lam
                                                                  x_65
                                                                  (all Bool_matchOut_66 (type) (fun Bool_matchOut_66 (fun Bool_matchOut_66 Bool_matchOut_66)))
                                                                  x_65
                                                                )
                                                              ]
                                                            )
                                                            {
                                                              (con addInteger)
                                                              (con 64)
                                                            }
                                                          ]
                                                        )
                                                        {
                                                          (con divideInteger)
                                                          (con 64)
                                                        }
                                                      ]
                                                    )
                                                    {
                                                      {
                                                        (con dropByteString)
                                                        (con 64)
                                                      }
                                                      (con 256)
                                                    }
                                                  ]
                                                )
                                                {
                                                  (con multiplyInteger) (con 64)
                                                }
                                              ]
                                            )
                                            { (con remainderInteger) (con 64) }
                                          ]
                                        )
                                        { (con subtractInteger) (con 64) }
                                      ]
                                    )
                                    {
                                      { (con takeByteString) (con 64) }
                                      (con 256)
                                    }
                                  ]
                                )
                                (abs
                                  e_67 (type) (lam thunk_68 unit_4 (error e_67))
                                )
                              ]
                            )
                          )
                        )
                        (all p_matchOut_69 (type) (fun p_matchOut_69 p_matchOut_69))
                      }
                      (abs
                        p_matchOut_70 (type) (lam unit_71 p_matchOut_70 unit_71)
                      )
                    ]
                    (lam
                      x_72
                      (all p_matchOut_73 (type) (fun p_matchOut_73 p_matchOut_73))
                      x_72
                    )
                  ]
                )
                { (con sha2_256) (con 256) }
              ]
            )
            { (con sha3_256) (con 256) }
          ]
        )
        (con txhash)
      ]
    )
    { (con concatenate) (con 256) }
  ]
)