(program 1.0.0
  [
    [
      [
        {
          (abs
            List_121
            (fun (type) (type))
            (lam
              Nil_122
              (all a_123 (type) [List_121 a_123])
              (lam
                Cons_124
                (all a_125 (type) (fun a_125 (fun [List_121 a_125] [List_121 a_125])))
                (lam
                  Nil_match_126
                  (all a_127 (type) (fun [List_121 a_127] (all out_List_128 (type) (fun out_List_128 (fun (fun a_127 (fun [List_121 a_127] out_List_128)) out_List_128)))))
                  [
                    [
                      {
                        (abs
                          EmptyRose_129
                          (type)
                          (lam
                            EmptyRose_130
                            (fun [List_121 EmptyRose_129] EmptyRose_129)
                            (lam
                              EmptyRose_match_131
                              (fun EmptyRose_129 (all out_EmptyRose_132 (type) (fun (fun [List_121 EmptyRose_129] out_EmptyRose_132) out_EmptyRose_132)))
                              [
                                [
                                  (lam
                                    g_133
                                    (fun [List_121 EmptyRose_129] EmptyRose_129)
                                    (lam
                                      f_134
                                      (fun EmptyRose_129 [List_121 EmptyRose_129])
                                      (lam
                                        x_135
                                        EmptyRose_129
                                        [ g_133 [ f_134 x_135 ] ]
                                      )
                                    )
                                  )
                                  EmptyRose_130
                                ]
                                (lam
                                  ds_136
                                  EmptyRose_129
                                  [
                                    {
                                      [ EmptyRose_match_131 ds_136 ]
                                      [List_121 EmptyRose_129]
                                    }
                                    (lam
                                      inner_137
                                      [List_121 EmptyRose_129]
                                      inner_137
                                    )
                                  ]
                                )
                              ]
                            )
                          )
                        )
                        (ifix (lam rec_138 (fun (fun (type) (type)) (type)) (lam spine_139 (fun (type) (type)) [spine_139 [(lam EmptyRose_140 (type) (all out_EmptyRose_141 (type) (fun (fun [List_121 EmptyRose_140] out_EmptyRose_141) out_EmptyRose_141))) [rec_138 (lam dat_142 (type) dat_142)]]])) (lam dat_143 (type) dat_143))
                      }
                      (lam
                        arg_0_144
                        [List_121 (ifix (lam rec_145 (fun (fun (type) (type)) (type)) (lam spine_146 (fun (type) (type)) [spine_146 [(lam EmptyRose_147 (type) (all out_EmptyRose_148 (type) (fun (fun [List_121 EmptyRose_147] out_EmptyRose_148) out_EmptyRose_148))) [rec_145 (lam dat_149 (type) dat_149)]]])) (lam dat_150 (type) dat_150))]
                        (iwrap
                          (lam rec_151 (fun (fun (type) (type)) (type)) (lam spine_152 (fun (type) (type)) [spine_152 [(lam EmptyRose_153 (type) (all out_EmptyRose_154 (type) (fun (fun [List_121 EmptyRose_153] out_EmptyRose_154) out_EmptyRose_154))) [rec_151 (lam dat_155 (type) dat_155)]]]))
                          (lam dat_156 (type) dat_156)
                          (abs
                            out_EmptyRose_157
                            (type)
                            (lam
                              case_EmptyRose_158
                              (fun [List_121 (ifix (lam rec_159 (fun (fun (type) (type)) (type)) (lam spine_160 (fun (type) (type)) [spine_160 [(lam EmptyRose_161 (type) (all out_EmptyRose_162 (type) (fun (fun [List_121 EmptyRose_161] out_EmptyRose_162) out_EmptyRose_162))) [rec_159 (lam dat_163 (type) dat_163)]]])) (lam dat_164 (type) dat_164))] out_EmptyRose_157)
                              [ case_EmptyRose_158 arg_0_144 ]
                            )
                          )
                        )
                      )
                    ]
                    (lam
                      x_165
                      (ifix (lam rec_166 (fun (fun (type) (type)) (type)) (lam spine_167 (fun (type) (type)) [spine_167 [(lam EmptyRose_168 (type) (all out_EmptyRose_169 (type) (fun (fun [List_121 EmptyRose_168] out_EmptyRose_169) out_EmptyRose_169))) [rec_166 (lam dat_170 (type) dat_170)]]])) (lam dat_171 (type) dat_171))
                      (unwrap x_165)
                    )
                  ]
                )
              )
            )
          )
          (lam a_172 (type) (ifix (lam rec_173 (fun (fun (fun (type) (type)) (type)) (type)) (lam spine_174 (fun (fun (type) (type)) (type)) [spine_174 [(lam List_175 (fun (type) (type)) (lam a_176 (type) (all out_List_177 (type) (fun out_List_177 (fun (fun a_176 (fun [List_175 a_176] out_List_177)) out_List_177))))) (lam a_178 (type) [rec_173 (lam dat_179 (fun (type) (type)) [dat_179 a_178])])]])) (lam dat_180 (fun (type) (type)) [dat_180 a_172])))
        }
        (abs
          a_181
          (type)
          (iwrap
            (lam rec_182 (fun (fun (fun (type) (type)) (type)) (type)) (lam spine_183 (fun (fun (type) (type)) (type)) [spine_183 [(lam List_184 (fun (type) (type)) (lam a_185 (type) (all out_List_186 (type) (fun out_List_186 (fun (fun a_185 (fun [List_184 a_185] out_List_186)) out_List_186))))) (lam a_187 (type) [rec_182 (lam dat_188 (fun (type) (type)) [dat_188 a_187])])]]))
            (lam dat_189 (fun (type) (type)) [dat_189 a_181])
            (abs
              out_List_190
              (type)
              (lam
                case_Nil_191
                out_List_190
                (lam
                  case_Cons_192
                  (fun a_181 (fun [(lam a_193 (type) (ifix (lam rec_194 (fun (fun (fun (type) (type)) (type)) (type)) (lam spine_195 (fun (fun (type) (type)) (type)) [spine_195 [(lam List_196 (fun (type) (type)) (lam a_197 (type) (all out_List_198 (type) (fun out_List_198 (fun (fun a_197 (fun [List_196 a_197] out_List_198)) out_List_198))))) (lam a_199 (type) [rec_194 (lam dat_200 (fun (type) (type)) [dat_200 a_199])])]])) (lam dat_201 (fun (type) (type)) [dat_201 a_193]))) a_181] out_List_190))
                  case_Nil_191
                )
              )
            )
          )
        )
      ]
      (abs
        a_202
        (type)
        (lam
          arg_0_203
          a_202
          (lam
            arg_1_204
            [(lam a_205 (type) (ifix (lam rec_206 (fun (fun (fun (type) (type)) (type)) (type)) (lam spine_207 (fun (fun (type) (type)) (type)) [spine_207 [(lam List_208 (fun (type) (type)) (lam a_209 (type) (all out_List_210 (type) (fun out_List_210 (fun (fun a_209 (fun [List_208 a_209] out_List_210)) out_List_210))))) (lam a_211 (type) [rec_206 (lam dat_212 (fun (type) (type)) [dat_212 a_211])])]])) (lam dat_213 (fun (type) (type)) [dat_213 a_205]))) a_202]
            (iwrap
              (lam rec_214 (fun (fun (fun (type) (type)) (type)) (type)) (lam spine_215 (fun (fun (type) (type)) (type)) [spine_215 [(lam List_216 (fun (type) (type)) (lam a_217 (type) (all out_List_218 (type) (fun out_List_218 (fun (fun a_217 (fun [List_216 a_217] out_List_218)) out_List_218))))) (lam a_219 (type) [rec_214 (lam dat_220 (fun (type) (type)) [dat_220 a_219])])]]))
              (lam dat_221 (fun (type) (type)) [dat_221 a_202])
              (abs
                out_List_222
                (type)
                (lam
                  case_Nil_223
                  out_List_222
                  (lam
                    case_Cons_224
                    (fun a_202 (fun [(lam a_225 (type) (ifix (lam rec_226 (fun (fun (fun (type) (type)) (type)) (type)) (lam spine_227 (fun (fun (type) (type)) (type)) [spine_227 [(lam List_228 (fun (type) (type)) (lam a_229 (type) (all out_List_230 (type) (fun out_List_230 (fun (fun a_229 (fun [List_228 a_229] out_List_230)) out_List_230))))) (lam a_231 (type) [rec_226 (lam dat_232 (fun (type) (type)) [dat_232 a_231])])]])) (lam dat_233 (fun (type) (type)) [dat_233 a_225]))) a_202] out_List_222))
                    [ [ case_Cons_224 arg_0_203 ] arg_1_204 ]
                  )
                )
              )
            )
          )
        )
      )
    ]
    (abs
      a_234
      (type)
      (lam
        x_235
        [(lam a_236 (type) (ifix (lam rec_237 (fun (fun (fun (type) (type)) (type)) (type)) (lam spine_238 (fun (fun (type) (type)) (type)) [spine_238 [(lam List_239 (fun (type) (type)) (lam a_240 (type) (all out_List_241 (type) (fun out_List_241 (fun (fun a_240 (fun [List_239 a_240] out_List_241)) out_List_241))))) (lam a_242 (type) [rec_237 (lam dat_243 (fun (type) (type)) [dat_243 a_242])])]])) (lam dat_244 (fun (type) (type)) [dat_244 a_236]))) a_234]
        (unwrap x_235)
      )
    )
  ]
)