(program 1.0.0
  [
    [
      [
        {
          (abs
            List_i0
            (fun (type) (type))
            (lam
              Nil_i0
              (all a_i0 (type) [List_i3 a_i1])
              (lam
                Cons_i0
                (all a_i0 (type) (fun a_i1 (fun [List_i4 a_i1] [List_i4 a_i1])))
                (lam
                  Nil_match_i0
                  (all a_i0 (type) (fun [List_i5 a_i1] (all out_List_i0 (type) (fun out_List_i1 (fun (fun a_i2 (fun [List_i6 a_i2] out_List_i1)) out_List_i1)))))
                  [
                    [
                      {
                        (abs
                          EmptyRose_i0
                          (type)
                          (lam
                            EmptyRose_i0
                            (fun [List_i6 EmptyRose_i2] EmptyRose_i2)
                            (lam
                              EmptyRose_match_i0
                              (fun EmptyRose_i3 (all out_EmptyRose_i0 (type) (fun (fun [List_i8 EmptyRose_i4] out_EmptyRose_i1) out_EmptyRose_i1)))
                              [
                                [
                                  (lam
                                    g_i0
                                    (fun [List_i8 EmptyRose_i4] EmptyRose_i4)
                                    (lam
                                      f_i0
                                      (fun EmptyRose_i5 [List_i9 EmptyRose_i5])
                                      (lam
                                        x_i0 EmptyRose_i6 [ g_i3 [ f_i2 x_i1 ] ]
                                      )
                                    )
                                  )
                                  EmptyRose_i2
                                ]
                                (lam
                                  ds_i0
                                  EmptyRose_i4
                                  [
                                    {
                                      [ EmptyRose_match_i2 ds_i1 ]
                                      [List_i8 EmptyRose_i4]
                                    }
                                    (lam
                                      inner_i0 [List_i9 EmptyRose_i5] inner_i1
                                    )
                                  ]
                                )
                              ]
                            )
                          )
                        )
                        (ifix (lam rec_i0 (fun (fun (type) (type)) (type)) (lam spine_i0 (fun (type) (type)) [spine_i1 [(lam EmptyRose_i0 (type) (all out_EmptyRose_i0 (type) (fun (fun [List_i8 EmptyRose_i2] out_EmptyRose_i1) out_EmptyRose_i1))) [rec_i2 (lam dat_i0 (type) dat_i1)]]])) (lam dat_i0 (type) dat_i1))
                      }
                      (lam
                        arg_0_i0
                        [List_i5 (ifix (lam rec_i0 (fun (fun (type) (type)) (type)) (lam spine_i0 (fun (type) (type)) [spine_i1 [(lam EmptyRose_i0 (type) (all out_EmptyRose_i0 (type) (fun (fun [List_i9 EmptyRose_i2] out_EmptyRose_i1) out_EmptyRose_i1))) [rec_i2 (lam dat_i0 (type) dat_i1)]]])) (lam dat_i0 (type) dat_i1))]
                        (iwrap
                          (lam rec_i0 (fun (fun (type) (type)) (type)) (lam spine_i0 (fun (type) (type)) [spine_i1 [(lam EmptyRose_i0 (type) (all out_EmptyRose_i0 (type) (fun (fun [List_i9 EmptyRose_i2] out_EmptyRose_i1) out_EmptyRose_i1))) [rec_i2 (lam dat_i0 (type) dat_i1)]]]))
                          (lam dat_i0 (type) dat_i1)
                          (abs
                            out_EmptyRose_i0
                            (type)
                            (lam
                              case_EmptyRose_i0
                              (fun [List_i7 (ifix (lam rec_i0 (fun (fun (type) (type)) (type)) (lam spine_i0 (fun (type) (type)) [spine_i1 [(lam EmptyRose_i0 (type) (all out_EmptyRose_i0 (type) (fun (fun [List_i11 EmptyRose_i2] out_EmptyRose_i1) out_EmptyRose_i1))) [rec_i2 (lam dat_i0 (type) dat_i1)]]])) (lam dat_i0 (type) dat_i1))] out_EmptyRose_i2)
                              [ case_EmptyRose_i1 arg_0_i3 ]
                            )
                          )
                        )
                      )
                    ]
                    (lam
                      x_i0
                      (ifix (lam rec_i0 (fun (fun (type) (type)) (type)) (lam spine_i0 (fun (type) (type)) [spine_i1 [(lam EmptyRose_i0 (type) (all out_EmptyRose_i0 (type) (fun (fun [List_i9 EmptyRose_i2] out_EmptyRose_i1) out_EmptyRose_i1))) [rec_i2 (lam dat_i0 (type) dat_i1)]]])) (lam dat_i0 (type) dat_i1))
                      (unwrap x_i1)
                    )
                  ]
                )
              )
            )
          )
          (lam a_i0 (type) (ifix (lam rec_i0 (fun (fun (fun (type) (type)) (type)) (type)) (lam spine_i0 (fun (fun (type) (type)) (type)) [spine_i1 [(lam List_i0 (fun (type) (type)) (lam a_i0 (type) (all out_List_i0 (type) (fun out_List_i1 (fun (fun a_i2 (fun [List_i3 a_i2] out_List_i1)) out_List_i1))))) (lam a_i0 (type) [rec_i3 (lam dat_i0 (fun (type) (type)) [dat_i1 a_i2])])]])) (lam dat_i0 (fun (type) (type)) [dat_i1 a_i2])))
        }
        (abs
          a_i0
          (type)
          (iwrap
            (lam rec_i0 (fun (fun (fun (type) (type)) (type)) (type)) (lam spine_i0 (fun (fun (type) (type)) (type)) [spine_i1 [(lam List_i0 (fun (type) (type)) (lam a_i0 (type) (all out_List_i0 (type) (fun out_List_i1 (fun (fun a_i2 (fun [List_i3 a_i2] out_List_i1)) out_List_i1))))) (lam a_i0 (type) [rec_i3 (lam dat_i0 (fun (type) (type)) [dat_i1 a_i2])])]]))
            (lam dat_i0 (fun (type) (type)) [dat_i1 a_i2])
            (abs
              out_List_i0
              (type)
              (lam
                case_Nil_i0
                out_List_i2
                (lam
                  case_Cons_i0
                  (fun a_i4 (fun [(lam a_i0 (type) (ifix (lam rec_i0 (fun (fun (fun (type) (type)) (type)) (type)) (lam spine_i0 (fun (fun (type) (type)) (type)) [spine_i1 [(lam List_i0 (fun (type) (type)) (lam a_i0 (type) (all out_List_i0 (type) (fun out_List_i1 (fun (fun a_i2 (fun [List_i3 a_i2] out_List_i1)) out_List_i1))))) (lam a_i0 (type) [rec_i3 (lam dat_i0 (fun (type) (type)) [dat_i1 a_i2])])]])) (lam dat_i0 (fun (type) (type)) [dat_i1 a_i2]))) a_i4] out_List_i3))
                  case_Nil_i2
                )
              )
            )
          )
        )
      ]
      (abs
        a_i0
        (type)
        (lam
          arg_0_i0
          a_i2
          (lam
            arg_1_i0
            [(lam a_i0 (type) (ifix (lam rec_i0 (fun (fun (fun (type) (type)) (type)) (type)) (lam spine_i0 (fun (fun (type) (type)) (type)) [spine_i1 [(lam List_i0 (fun (type) (type)) (lam a_i0 (type) (all out_List_i0 (type) (fun out_List_i1 (fun (fun a_i2 (fun [List_i3 a_i2] out_List_i1)) out_List_i1))))) (lam a_i0 (type) [rec_i3 (lam dat_i0 (fun (type) (type)) [dat_i1 a_i2])])]])) (lam dat_i0 (fun (type) (type)) [dat_i1 a_i2]))) a_i3]
            (iwrap
              (lam rec_i0 (fun (fun (fun (type) (type)) (type)) (type)) (lam spine_i0 (fun (fun (type) (type)) (type)) [spine_i1 [(lam List_i0 (fun (type) (type)) (lam a_i0 (type) (all out_List_i0 (type) (fun out_List_i1 (fun (fun a_i2 (fun [List_i3 a_i2] out_List_i1)) out_List_i1))))) (lam a_i0 (type) [rec_i3 (lam dat_i0 (fun (type) (type)) [dat_i1 a_i2])])]]))
              (lam dat_i0 (fun (type) (type)) [dat_i1 a_i4])
              (abs
                out_List_i0
                (type)
                (lam
                  case_Nil_i0
                  out_List_i2
                  (lam
                    case_Cons_i0
                    (fun a_i6 (fun [(lam a_i0 (type) (ifix (lam rec_i0 (fun (fun (fun (type) (type)) (type)) (type)) (lam spine_i0 (fun (fun (type) (type)) (type)) [spine_i1 [(lam List_i0 (fun (type) (type)) (lam a_i0 (type) (all out_List_i0 (type) (fun out_List_i1 (fun (fun a_i2 (fun [List_i3 a_i2] out_List_i1)) out_List_i1))))) (lam a_i0 (type) [rec_i3 (lam dat_i0 (fun (type) (type)) [dat_i1 a_i2])])]])) (lam dat_i0 (fun (type) (type)) [dat_i1 a_i2]))) a_i6] out_List_i3))
                    [ [ case_Cons_i1 arg_0_i5 ] arg_1_i4 ]
                  )
                )
              )
            )
          )
        )
      )
    ]
    (abs
      a_i0
      (type)
      (lam
        x_i0
        [(lam a_i0 (type) (ifix (lam rec_i0 (fun (fun (fun (type) (type)) (type)) (type)) (lam spine_i0 (fun (fun (type) (type)) (type)) [spine_i1 [(lam List_i0 (fun (type) (type)) (lam a_i0 (type) (all out_List_i0 (type) (fun out_List_i1 (fun (fun a_i2 (fun [List_i3 a_i2] out_List_i1)) out_List_i1))))) (lam a_i0 (type) [rec_i3 (lam dat_i0 (fun (type) (type)) [dat_i1 a_i2])])]])) (lam dat_i0 (fun (type) (type)) [dat_i1 a_i2]))) a_i2]
        (unwrap x_i1)
      )
    )
  ]
)